../Core/Inc/lcd.c:97:13:setSPI_Size	16	static
../Core/Inc/lcd.c:124:13:setDMAMemMode	16	static
../Core/Inc/lcd.c:178:16:setSPI_Mode	48	static
../Core/Inc/lcd.c:222:6:LCD_WriteCommand	16	static
../Core/Inc/lcd.c:239:16:LCD_GetRed	16	static
../Core/Inc/lcd.c:243:16:LCD_GetGreen	16	static
../Core/Inc/lcd.c:247:16:LCD_GetBlue	16	static
../Core/Inc/lcd.c:259:13:LCD_WriteData	32	static
../Core/Inc/lcd.c:304:9:LCD_ReadData	40	static
../Core/Inc/lcd.c:337:10:LCD_ColorOpacity	16	static
../Core/Inc/lcd.c:366:6:LCD_SetRotation	24	static
../Core/Inc/lcd.c:412:6:LCD_SetAddressWindow	64	static
../Core/Inc/lcd.c:441:6:LCD_DrawPixel	32	static
../Core/Inc/lcd.c:473:6:LCD_FillPixels	160	static
../Core/Inc/lcd.c:498:7:LCD_FillArea	24	static
../Core/Inc/lcd.c:526:8:LCD_Fill	32	static
../Core/Inc/lcd.c:552:6:LCD_DrawImage	40	static
../Core/Inc/lcd.c:588:8:LCD_DrawLine	40	static
../Core/Inc/lcd.c:603:6:LCD_PutChar	48	static
../Core/Inc/lcd.c:608:6:LCD_PutStr	40	static
../Core/Inc/lcd.c:619:6:LCD_InvertColors	24	static
../Core/Inc/lcd.c:630:6:LCD_TearEffect	24	static
../Core/Inc/lcd.c:636:6:LCD_setPower	24	static
../Core/Inc/lcd.c:642:13:LCD_Update	8	static
../Core/Inc/lcd.c:665:6:LCD_init	16	static
../Core/Inc/lcd.c:704:6:LCD_DrawBuffer	56	static,ignoring_inline_asm
../Core/Inc/lcd.c:733:9:LCD_RedrawFrame	56	static
../Core/Inc/lcd.c:829:6:Buffer_DrawPx	48	static
../Core/Inc/lcd.c:844:6:Buffer_Resize	56	static
../Core/Inc/lcd.c:888:6:Buffer_DrawLine	56	static
../Core/Inc/lcd.c:920:6:Buffer_BoxBlur	80	static
../Core/Inc/lcd.c:1008:6:Buffer_Opacity	32	static
../Core/Inc/lcd.c:1031:6:Buffer_WriteToLCD	72	static,ignoring_inline_asm
../Core/Inc/lcd.c:1067:6:Buffer_ReadFromLCD	48	static
../Core/Inc/lcd.c:1101:6:Buffer_Clear	8	static
../Core/Inc/lcd.c:1109:6:Buffer_DrawBMP	64	static,ignoring_inline_asm
../Core/Inc/lcd.c:1139:6:Buffer_ColorFilter	32	static
