../Core/Src/main.c:121:5:main	8	static
../Core/Src/main.c:180:6:SystemClock_Config	120	static
../Core/Src/main.c:238:13:MX_ADC_Init	16	static
../Core/Src/main.c:294:13:MX_RTC_Init	32	static
../Core/Src/main.c:358:13:MX_SPI1_Init	8	static
../Core/Src/main.c:396:13:MX_USART1_UART_Init	8	static
../Core/Src/main.c:429:13:MX_DMA_Init	16	static
../Core/Src/main.c:447:13:MX_GPIO_Init	48	static
../Core/Src/main.c:508:6:DrawHand	32	static
../Core/Src/main.c:513:6:SetHandDisplay	40	static
../Core/Src/main.c:522:6:GetBatteryMeas	16	static
../Core/Src/main.c:538:6:InitHandsCoords	32	static
../Core/Src/main.c:554:6:ChangeColor	24	static
../Core/Src/main.c:566:6:SetColor	32	static
../Core/Src/main.c:585:9:KeyPressed	24	static
../Core/Src/main.c:592:9:KeyHolded	24	static
../Core/Src/main.c:599:9:KeysHolded	16	static
../Core/Src/main.c:612:6:RefreshClock	24	static
../Core/Src/main.c:706:6:SetTimeDate	24	static
../Core/Src/main.c:786:6:CheckRegularState	8	static
../Core/Src/main.c:822:6:Error_Handler	8	static,ignoring_inline_asm
