../Core/Src/stm32l0xx_hal_msp.c:66:6:HAL_MspInit	8	static
../Core/Src/stm32l0xx_hal_msp.c:93:6:HAL_ADC_MspInit	48	static
../Core/Src/stm32l0xx_hal_msp.c:126:6:HAL_ADC_MspDeInit	16	static
../Core/Src/stm32l0xx_hal_msp.c:154:6:HAL_RTC_MspInit	16	static
../Core/Src/stm32l0xx_hal_msp.c:176:6:HAL_RTC_MspDeInit	16	static
../Core/Src/stm32l0xx_hal_msp.c:198:6:HAL_SPI_MspInit	48	static
../Core/Src/stm32l0xx_hal_msp.c:269:6:HAL_SPI_MspDeInit	16	static
../Core/Src/stm32l0xx_hal_msp.c:301:6:HAL_UART_MspInit	48	static
../Core/Src/stm32l0xx_hal_msp.c:337:6:HAL_UART_MspDeInit	16	static
