../Core/UGUI/ugui.c:30:15:ptr_8to16	24	static
../Core/UGUI/ugui.c:43:8:UG_Init	24	static
../Core/UGUI/ugui.c:86:8:UG_SelectGUI	16	static
../Core/UGUI/ugui.c:92:9:UG_GetGUI	8	static
../Core/UGUI/ugui.c:100:6:UG_FontSelect	16	static
../Core/UGUI/ugui.c:105:6:UG_FillScreen	24	static
../Core/UGUI/ugui.c:110:6:UG_FillFrame	40	static
../Core/UGUI/ugui.c:134:6:UG_FillRoundFrame	56	static
../Core/UGUI/ugui.c:176:6:UG_DrawMesh	40	static
../Core/UGUI/ugui.c:198:6:UG_DrawFrame	32	static
../Core/UGUI/ugui.c:206:6:UG_DrawRoundFrame	48	static
../Core/UGUI/ugui.c:232:6:UG_DrawPixel	24	static
../Core/UGUI/ugui.c:237:6:UG_DrawCircle	48	static,ignoring_inline_asm
../Core/UGUI/ugui.c:311:6:UG_FillCircle	48	static
../Core/UGUI/ugui.c:349:6:UG_DrawArc	48	static,ignoring_inline_asm
../Core/UGUI/ugui.c:394:6:UG_DrawLine	64	static
../Core/UGUI/ugui.c:449:6:UG_DrawTriangle	40	static
../Core/UGUI/ugui.c:456:6:UG_FillTriangle	80	static
../Core/UGUI/ugui.c:547:6:UG_PutString	48	static
../Core/UGUI/ugui.c:590:6:UG_PutChar	32	static
../Core/UGUI/ugui.c:599:6:UG_ConsolePutString	40	static
../Core/UGUI/ugui.c:649:6:UG_ConsoleSetArea	24	static
../Core/UGUI/ugui.c:657:6:UG_ConsoleSetForecolor	16	static
../Core/UGUI/ugui.c:662:6:UG_ConsoleSetBackcolor	16	static
../Core/UGUI/ugui.c:668:6:UG_SetForecolor	16	static
../Core/UGUI/ugui.c:673:6:UG_SetBackcolor	16	static
../Core/UGUI/ugui.c:678:8:UG_GetXDim	8	static
../Core/UGUI/ugui.c:683:8:UG_GetYDim	8	static
../Core/UGUI/ugui.c:688:6:UG_FontSetHSpace	16	static
../Core/UGUI/ugui.c:693:6:UG_FontSetVSpace	16	static
../Core/UGUI/ugui.c:698:6:UG_FontSetTransparency	16	static
../Core/UGUI/ugui.c:703:7:UG_FontGetTransparency	8	static
../Core/UGUI/ugui.c:718:9:_UG_DecodeUTF8	24	static
../Core/UGUI/ugui.c:779:8:_UG_GetCharData	40	static
../Core/UGUI/ugui.c:873:6:_UG_FontSelect	24	static
../Core/UGUI/ugui.c:899:8:_UG_PutChar	72	static
../Core/UGUI/ugui.c:1063:13:_UG_ProcessTouchData	48	static
../Core/UGUI/ugui.c:1135:13:_UG_UpdateObjects	32	static
../Core/UGUI/ugui.c:1172:13:_UG_HandleEvents	32	static
../Core/UGUI/ugui.c:1211:6:_UG_PutText	80	static
../Core/UGUI/ugui.c:1332:12:_UG_SearchObject	24	static
../Core/UGUI/ugui.c:1352:6:_UG_DrawObjectFrame	32	static
../Core/UGUI/ugui.c:1371:12:_UG_GetFreeObject	24	static
../Core/UGUI/ugui.c:1388:11:_UG_DeleteObject	24	static
../Core/UGUI/ugui.c:1441:8:_UG_ConvertRGB565ToRGB888	32	static
../Core/UGUI/ugui.c:1456:8:_UG_ConvertRGB888ToRGB565	32	static
../Core/UGUI/ugui.c:1470:6:UG_DriverRegister	16	static
../Core/UGUI/ugui.c:1478:6:UG_DriverEnable	16	static
../Core/UGUI/ugui.c:1487:6:UG_DriverDisable	16	static
../Core/UGUI/ugui.c:1499:6:UG_Update	16	static
../Core/UGUI/ugui.c:1556:6:UG_WaitForUpdate	8	static
../Core/UGUI/ugui.c:1567:6:UG_DrawBMP	56	static
../Core/UGUI/ugui.c:1640:6:UG_TouchUpdate	24	static
../Core/UGUI/ugui.c:1651:11:UG_WindowCreate	32	static
../Core/UGUI/ugui.c:1695:11:UG_WindowDelete	16	static
../Core/UGUI/ugui.c:1716:11:UG_WindowShow	16	static
../Core/UGUI/ugui.c:1729:11:UG_WindowHide	16	static
../Core/UGUI/ugui.c:1760:11:UG_WindowResize	48	static
../Core/UGUI/ugui.c:1801:11:UG_WindowAlert	32	static
../Core/UGUI/ugui.c:1810:11:UG_WindowSetForeColor	16	static
../Core/UGUI/ugui.c:1821:11:UG_WindowSetBackColor	16	static
../Core/UGUI/ugui.c:1832:11:UG_WindowSetTitleTextColor	16	static
../Core/UGUI/ugui.c:1843:11:UG_WindowSetTitleColor	16	static
../Core/UGUI/ugui.c:1854:11:UG_WindowSetTitleInactiveTextColor	16	static
../Core/UGUI/ugui.c:1865:11:UG_WindowSetTitleInactiveColor	16	static
../Core/UGUI/ugui.c:1876:11:UG_WindowSetTitleText	16	static
../Core/UGUI/ugui.c:1887:11:UG_WindowSetTitleTextFont	16	static
../Core/UGUI/ugui.c:1903:11:UG_WindowSetTitleTextHSpace	16	static
../Core/UGUI/ugui.c:1914:11:UG_WindowSetTitleTextVSpace	16	static
../Core/UGUI/ugui.c:1925:11:UG_WindowSetTitleTextAlignment	16	static
../Core/UGUI/ugui.c:1936:11:UG_WindowSetTitleHeight	16	static
../Core/UGUI/ugui.c:1948:11:UG_WindowSetXStart	32	static
../Core/UGUI/ugui.c:1959:11:UG_WindowSetYStart	32	static
../Core/UGUI/ugui.c:1970:11:UG_WindowSetXEnd	32	static
../Core/UGUI/ugui.c:1981:11:UG_WindowSetYEnd	32	static
../Core/UGUI/ugui.c:1992:11:UG_WindowSetStyle	16	static
../Core/UGUI/ugui.c:2020:10:UG_WindowGetForeColor	24	static
../Core/UGUI/ugui.c:2030:10:UG_WindowGetBackColor	24	static
../Core/UGUI/ugui.c:2040:10:UG_WindowGetTitleTextColor	24	static
../Core/UGUI/ugui.c:2050:10:UG_WindowGetTitleColor	24	static
../Core/UGUI/ugui.c:2060:10:UG_WindowGetTitleInactiveTextColor	24	static
../Core/UGUI/ugui.c:2070:10:UG_WindowGetTitleInactiveColor	24	static
../Core/UGUI/ugui.c:2080:7:UG_WindowGetTitleText	24	static
../Core/UGUI/ugui.c:2090:10:UG_WindowGetTitleTextFont	24	static
../Core/UGUI/ugui.c:2100:7:UG_WindowGetTitleTextHSpace	24	static
../Core/UGUI/ugui.c:2110:7:UG_WindowGetTitleTextVSpace	24	static
../Core/UGUI/ugui.c:2120:7:UG_WindowGetTitleTextAlignment	24	static
../Core/UGUI/ugui.c:2130:7:UG_WindowGetTitleHeight	24	static
../Core/UGUI/ugui.c:2140:8:UG_WindowGetXStart	24	static
../Core/UGUI/ugui.c:2150:8:UG_WindowGetYStart	24	static
../Core/UGUI/ugui.c:2160:8:UG_WindowGetXEnd	24	static
../Core/UGUI/ugui.c:2170:8:UG_WindowGetYEnd	24	static
../Core/UGUI/ugui.c:2180:7:UG_WindowGetStyle	24	static
../Core/UGUI/ugui.c:2190:11:UG_WindowGetArea	16	static
../Core/UGUI/ugui.c:2214:8:UG_WindowGetInnerWidth	24	static
../Core/UGUI/ugui.c:2229:8:UG_WindowGetOuterWidth	24	static
../Core/UGUI/ugui.c:2241:8:UG_WindowGetInnerHeight	24	static
../Core/UGUI/ugui.c:2259:8:UG_WindowGetOuterHeight	24	static
../Core/UGUI/ugui.c:2271:18:_UG_WindowDrawTitle	80	static
../Core/UGUI/ugui.c:2326:13:_UG_WindowUpdate	56	static
../Core/UGUI/ugui.c:2378:18:_UG_WindowClear	32	static
